

================================================================
== Vitis HLS Report for 'fit'
================================================================
* Date:           Wed Mar  5 03:43:39 2025

* Version:        2023.1 (Build 3854077 on May  4 2023)
* Project:        baseline
* Solution:       solution1 (Vitis Kernel Flow Target)
* Product family: spartan7
* Target device:  xc7s100-fgga676-2


================================================================
== Performance Estimates
================================================================
+ Timing: 
    * Summary: 
    +--------+----------+----------+------------+
    |  Clock |  Target  | Estimated| Uncertainty|
    +--------+----------+----------+------------+
    |ap_clk  |  10.00 ns|  7.030 ns|     2.70 ns|
    +--------+----------+----------+------------+

+ Latency: 
    * Summary: 
    +---------+---------+----------+----------+-----+-----+----------+
    |  Latency (cycles) |  Latency (absolute) |  Interval | Pipeline |
    |   min   |   max   |    min   |    max   | min | max |   Type   |
    +---------+---------+----------+----------+-----+-----+----------+
    |        ?|        ?|         ?|         ?|    ?|    ?|  dataflow|
    +---------+---------+----------+----------+-----+-----+----------+

    + Detail: 
        * Instance: 
        N/A

        * Loop: 
        N/A

============================================================
+ Verbose Summary: Synthesis Manager
============================================================
InlineROM: 1
ExposeGlobal: 0
============================================================
+ Verbose Summary: CDFG Model
============================================================
IsTopModel: 1
ResetActiveHigh: 1
IsCombinational: 2
IsDatapathOnly: 0
HasWiredReturn: 1
HasMFsm: 0
HasVarLatency: 1
IsPipeline: 0
IsRtlPipelined: 0
IsInstanceOverlapped: 0
IsDontTouch: 0
HasImplIP: 0
IsGatedGlobalClock: 0


============================================================
+ Verbose Summary: Schedule
============================================================
* Number of FSM states : 10
* Pipeline : 0
* Dataflow Pipeline: 1
  DF-Pipeline-0: Size = 10, States = { 1 2 3 4 5 6 7 8 9 10 }

* FSM state transitions: 
1 --> 2 
2 --> 3 
3 --> 4 
4 --> 5 
5 --> 6 
6 --> 7 
7 --> 8 
8 --> 9 
9 --> 10 
10 --> 

* FSM state operations: 

State 1 <SV = 0> <Delay = 0.00>
ST_1 : Operation 11 [1/1] (0.00ns)   --->   "%x1 = alloca i64 1" [baseline/fit.cpp:204]   --->   Operation 11 'alloca' 'x1' <Predicate = true> <Delay = 0.00> <CoreInst = "FIFO_SRL">   --->   Core 81 'FIFO_SRL' <Latency = 0> <II = 1> <Delay = 3.42> <Storage> <Opcode : 'read' 'write' 'nbread' 'nbwrite'> <Ports = 0> <Width = 12> <Depth = 10> <FIFO>
ST_1 : Operation 12 [1/1] (0.00ns)   --->   "%x2 = alloca i64 1" [baseline/fit.cpp:204]   --->   Operation 12 'alloca' 'x2' <Predicate = true> <Delay = 0.00> <CoreInst = "FIFO_SRL">   --->   Core 81 'FIFO_SRL' <Latency = 0> <II = 1> <Delay = 3.42> <Storage> <Opcode : 'read' 'write' 'nbread' 'nbwrite'> <Ports = 0> <Width = 12> <Depth = 10> <FIFO>
ST_1 : Operation 13 [1/1] (0.00ns)   --->   "%y1 = alloca i64 1" [baseline/fit.cpp:204]   --->   Operation 13 'alloca' 'y1' <Predicate = true> <Delay = 0.00> <CoreInst = "FIFO_SRL">   --->   Core 81 'FIFO_SRL' <Latency = 0> <II = 1> <Delay = 3.42> <Storage> <Opcode : 'read' 'write' 'nbread' 'nbwrite'> <Ports = 0> <Width = 12> <Depth = 10> <FIFO>
ST_1 : Operation 14 [1/1] (0.00ns)   --->   "%y2 = alloca i64 1" [baseline/fit.cpp:204]   --->   Operation 14 'alloca' 'y2' <Predicate = true> <Delay = 0.00> <CoreInst = "FIFO_SRL">   --->   Core 81 'FIFO_SRL' <Latency = 0> <II = 1> <Delay = 3.42> <Storage> <Opcode : 'read' 'write' 'nbread' 'nbwrite'> <Ports = 0> <Width = 12> <Depth = 10> <FIFO>
ST_1 : Operation 15 [1/1] (0.00ns)   --->   "%sigmaDiv1 = alloca i64 1" [baseline/fit.cpp:205]   --->   Operation 15 'alloca' 'sigmaDiv1' <Predicate = true> <Delay = 0.00> <CoreInst = "FIFO_SRL">   --->   Core 81 'FIFO_SRL' <Latency = 0> <II = 1> <Delay = 3.42> <Storage> <Opcode : 'read' 'write' 'nbread' 'nbwrite'> <Ports = 0> <Width = 64> <Depth = 10> <FIFO>
ST_1 : Operation 16 [1/1] (0.00ns)   --->   "%sigmaSquaredDiv1 = alloca i64 1" [baseline/fit.cpp:205]   --->   Operation 16 'alloca' 'sigmaSquaredDiv1' <Predicate = true> <Delay = 0.00> <CoreInst = "FIFO_SRL">   --->   Core 81 'FIFO_SRL' <Latency = 0> <II = 1> <Delay = 3.42> <Storage> <Opcode : 'read' 'write' 'nbread' 'nbwrite'> <Ports = 0> <Width = 64> <Depth = 10> <FIFO>
ST_1 : Operation 17 [1/1] (0.00ns)   --->   "%last1 = alloca i64 1" [baseline/fit.cpp:206]   --->   Operation 17 'alloca' 'last1' <Predicate = true> <Delay = 0.00> <CoreInst = "FIFO_SRL">   --->   Core 81 'FIFO_SRL' <Latency = 0> <II = 1> <Delay = 3.42> <Storage> <Opcode : 'read' 'write' 'nbread' 'nbwrite'> <Ports = 0> <Width = 2> <Depth = 10> <FIFO>
ST_1 : Operation 18 [1/1] (0.00ns)   --->   "%last2 = alloca i64 1" [baseline/fit.cpp:206]   --->   Operation 18 'alloca' 'last2' <Predicate = true> <Delay = 0.00> <CoreInst = "FIFO_SRL">   --->   Core 81 'FIFO_SRL' <Latency = 0> <II = 1> <Delay = 3.42> <Storage> <Opcode : 'read' 'write' 'nbread' 'nbwrite'> <Ports = 0> <Width = 2> <Depth = 10> <FIFO>
ST_1 : Operation 19 [1/1] (0.00ns)   --->   "%last3 = alloca i64 1" [baseline/fit.cpp:206]   --->   Operation 19 'alloca' 'last3' <Predicate = true> <Delay = 0.00> <CoreInst = "FIFO_SRL">   --->   Core 81 'FIFO_SRL' <Latency = 0> <II = 1> <Delay = 3.42> <Storage> <Opcode : 'read' 'write' 'nbread' 'nbwrite'> <Ports = 0> <Width = 2> <Depth = 10> <FIFO>
ST_1 : Operation 20 [1/1] (0.00ns)   --->   "%partialS = alloca i64 1" [baseline/fit.cpp:207]   --->   Operation 20 'alloca' 'partialS' <Predicate = true> <Delay = 0.00> <CoreInst = "FIFO_SRL">   --->   Core 81 'FIFO_SRL' <Latency = 0> <II = 1> <Delay = 3.42> <Storage> <Opcode : 'read' 'write' 'nbread' 'nbwrite'> <Ports = 0> <Width = 64> <Depth = 10> <FIFO>
ST_1 : Operation 21 [1/1] (0.00ns)   --->   "%partialSx = alloca i64 1" [baseline/fit.cpp:207]   --->   Operation 21 'alloca' 'partialSx' <Predicate = true> <Delay = 0.00> <CoreInst = "FIFO_SRL">   --->   Core 81 'FIFO_SRL' <Latency = 0> <II = 1> <Delay = 3.42> <Storage> <Opcode : 'read' 'write' 'nbread' 'nbwrite'> <Ports = 0> <Width = 64> <Depth = 10> <FIFO>
ST_1 : Operation 22 [1/1] (0.00ns)   --->   "%partialSy = alloca i64 1" [baseline/fit.cpp:207]   --->   Operation 22 'alloca' 'partialSy' <Predicate = true> <Delay = 0.00> <CoreInst = "FIFO_SRL">   --->   Core 81 'FIFO_SRL' <Latency = 0> <II = 1> <Delay = 3.42> <Storage> <Opcode : 'read' 'write' 'nbread' 'nbwrite'> <Ports = 0> <Width = 64> <Depth = 10> <FIFO>
ST_1 : Operation 23 [1/1] (0.00ns)   --->   "%SDiv1 = alloca i64 1" [baseline/fit.cpp:208]   --->   Operation 23 'alloca' 'SDiv1' <Predicate = true> <Delay = 0.00> <CoreInst = "FIFO_SRL">   --->   Core 81 'FIFO_SRL' <Latency = 0> <II = 1> <Delay = 3.42> <Storage> <Opcode : 'read' 'write' 'nbread' 'nbwrite'> <Ports = 0> <Width = 64> <Depth = 10> <FIFO>
ST_1 : Operation 24 [1/1] (0.00ns)   --->   "%SxDivS = alloca i64 1" [baseline/fit.cpp:208]   --->   Operation 24 'alloca' 'SxDivS' <Predicate = true> <Delay = 0.00> <CoreInst = "FIFO_SRL">   --->   Core 81 'FIFO_SRL' <Latency = 0> <II = 1> <Delay = 3.42> <Storage> <Opcode : 'read' 'write' 'nbread' 'nbwrite'> <Ports = 0> <Width = 64> <Depth = 10> <FIFO>
ST_1 : Operation 25 [1/1] (0.00ns)   --->   "%SxSquaredDivS = alloca i64 1" [baseline/fit.cpp:208]   --->   Operation 25 'alloca' 'SxSquaredDivS' <Predicate = true> <Delay = 0.00> <CoreInst = "FIFO_SRL">   --->   Core 81 'FIFO_SRL' <Latency = 0> <II = 1> <Delay = 3.42> <Storage> <Opcode : 'read' 'write' 'nbread' 'nbwrite'> <Ports = 0> <Width = 64> <Depth = 10> <FIFO>
ST_1 : Operation 26 [1/1] (0.00ns)   --->   "%SyDivS = alloca i64 1" [baseline/fit.cpp:208]   --->   Operation 26 'alloca' 'SyDivS' <Predicate = true> <Delay = 0.00> <CoreInst = "FIFO_SRL">   --->   Core 81 'FIFO_SRL' <Latency = 0> <II = 1> <Delay = 3.42> <Storage> <Opcode : 'read' 'write' 'nbread' 'nbwrite'> <Ports = 0> <Width = 64> <Depth = 10> <FIFO>
ST_1 : Operation 27 [1/1] (0.00ns)   --->   "%resultStream = alloca i64 1"   --->   Operation 27 'alloca' 'resultStream' <Predicate = true> <Delay = 0.00> <CoreInst = "FIFO">   --->   Core 78 'FIFO' <Latency = 0> <II = 1> <Delay = 3.30> <Storage> <Opcode : 'read' 'write' 'nbread' 'nbwrite'> <Ports = 0> <Width = 332> <Depth = 10> <FIFO>

State 2 <SV = 1> <Delay = 0.00>
ST_2 : Operation 28 [2/2] (0.00ns)   --->   "%call_ln213 = call void @readStage, i64 %input_r, i64 %partialS, i64 %partialSx, i64 %partialSy, i12 %x1, i12 %x2, i12 %y1, i12 %y2, i64 %sigmaDiv1, i64 %sigmaSquaredDiv1, i2 %last1, i2 %last2, i2 %last3" [baseline/fit.cpp:213]   --->   Operation 28 'call' 'call_ln213' <Predicate = true> <Delay = 0.00> <CoreType = "Generic">   --->   Core 0 '' <Latency = 0> <II = 1> <Delay = 1.00> <Generic> <Opcode : >

State 3 <SV = 2> <Delay = 0.00>
ST_3 : Operation 29 [1/2] (0.00ns)   --->   "%call_ln213 = call void @readStage, i64 %input_r, i64 %partialS, i64 %partialSx, i64 %partialSy, i12 %x1, i12 %x2, i12 %y1, i12 %y2, i64 %sigmaDiv1, i64 %sigmaSquaredDiv1, i2 %last1, i2 %last2, i2 %last3" [baseline/fit.cpp:213]   --->   Operation 29 'call' 'call_ln213' <Predicate = true> <Delay = 0.00> <CoreType = "Generic">   --->   Core 0 '' <Latency = 0> <II = 1> <Delay = 1.00> <Generic> <Opcode : >

State 4 <SV = 3> <Delay = 0.00>
ST_4 : Operation 30 [2/2] (0.00ns)   --->   "%call_ln214 = call void @interStage1, i64 %partialS, i64 %partialSx, i64 %partialSy, i2 %last1, i64 %SDiv1, i64 %SxDivS, i64 %SxSquaredDivS, i64 %SyDivS" [baseline/fit.cpp:214]   --->   Operation 30 'call' 'call_ln214' <Predicate = true> <Delay = 0.00> <CoreType = "Generic">   --->   Core 0 '' <Latency = 0> <II = 1> <Delay = 1.00> <Generic> <Opcode : >

State 5 <SV = 4> <Delay = 0.00>
ST_5 : Operation 31 [1/2] (0.00ns)   --->   "%call_ln214 = call void @interStage1, i64 %partialS, i64 %partialSx, i64 %partialSy, i2 %last1, i64 %SDiv1, i64 %SxDivS, i64 %SxSquaredDivS, i64 %SyDivS" [baseline/fit.cpp:214]   --->   Operation 31 'call' 'call_ln214' <Predicate = true> <Delay = 0.00> <CoreType = "Generic">   --->   Core 0 '' <Latency = 0> <II = 1> <Delay = 1.00> <Generic> <Opcode : >

State 6 <SV = 5> <Delay = 0.00>
ST_6 : Operation 32 [2/2] (0.00ns)   --->   "%call_ln215 = call void @interStage2, i12 %x1, i12 %y1, i64 %sigmaDiv1, i64 %SDiv1, i64 %SxDivS, i64 %SxSquaredDivS, i64 %SyDivS, i2 %last2, i332 %resultStream" [baseline/fit.cpp:215]   --->   Operation 32 'call' 'call_ln215' <Predicate = true> <Delay = 0.00> <CoreType = "Generic">   --->   Core 0 '' <Latency = 0> <II = 1> <Delay = 1.00> <Generic> <Opcode : >

State 7 <SV = 6> <Delay = 0.00>
ST_7 : Operation 33 [1/2] (0.00ns)   --->   "%call_ln215 = call void @interStage2, i12 %x1, i12 %y1, i64 %sigmaDiv1, i64 %SDiv1, i64 %SxDivS, i64 %SxSquaredDivS, i64 %SyDivS, i2 %last2, i332 %resultStream" [baseline/fit.cpp:215]   --->   Operation 33 'call' 'call_ln215' <Predicate = true> <Delay = 0.00> <CoreType = "Generic">   --->   Core 0 '' <Latency = 0> <II = 1> <Delay = 1.00> <Generic> <Opcode : >

State 8 <SV = 7> <Delay = 0.00>
ST_8 : Operation 34 [2/2] (0.00ns)   --->   "%call_ln216 = call void @finalStage, i332 %resultStream, i12 %x2, i12 %y2, i64 %sigmaSquaredDiv1, i2 %last3, i384 %output_r, i12 %n" [baseline/fit.cpp:216]   --->   Operation 34 'call' 'call_ln216' <Predicate = true> <Delay = 0.00> <CoreType = "Generic">   --->   Core 0 '' <Latency = 0> <II = 1> <Delay = 1.00> <Generic> <Opcode : >

State 9 <SV = 8> <Delay = 0.00>
ST_9 : Operation 35 [1/2] (0.00ns)   --->   "%call_ln216 = call void @finalStage, i332 %resultStream, i12 %x2, i12 %y2, i64 %sigmaSquaredDiv1, i2 %last3, i384 %output_r, i12 %n" [baseline/fit.cpp:216]   --->   Operation 35 'call' 'call_ln216' <Predicate = true> <Delay = 0.00> <CoreType = "Generic">   --->   Core 0 '' <Latency = 0> <II = 1> <Delay = 1.00> <Generic> <Opcode : >

State 10 <SV = 9> <Delay = 0.00>
ST_10 : Operation 36 [1/1] (0.00ns)   --->   "%specdataflowpipeline_ln211 = specdataflowpipeline void @_ssdm_op_SpecDataflowPipeline, i32 4294967295, i32 0, void @empty_8" [baseline/fit.cpp:211]   --->   Operation 36 'specdataflowpipeline' 'specdataflowpipeline_ln211' <Predicate = true> <Delay = 0.00>
ST_10 : Operation 37 [1/1] (0.00ns)   --->   "%spectopmodule_ln201 = spectopmodule void @_ssdm_op_SpecTopModule, void @empty_2" [baseline/fit.cpp:201]   --->   Operation 37 'spectopmodule' 'spectopmodule_ln201' <Predicate = true> <Delay = 0.00>
ST_10 : Operation 38 [1/1] (0.00ns)   --->   "%specinterface_ln201 = specinterface void @_ssdm_op_SpecInterface, i32 0, void @empty_1, i32 0, i32 0, void @empty_8, i32 0, i32 0, void @empty_8, void @empty_8, void @empty_8, i32 0, i32 0, i32 0, i32 0, void @empty_8, void @empty_8, i32 4294967295, i32 0" [baseline/fit.cpp:201]   --->   Operation 38 'specinterface' 'specinterface_ln201' <Predicate = true> <Delay = 0.00>
ST_10 : Operation 39 [1/1] (0.00ns)   --->   "%specinterface_ln0 = specinterface void @_ssdm_op_SpecInterface, i64 %input_r, void @empty_10, i32 1, i32 1, void @empty_9, i32 0, i32 0, void @empty_8, void @empty_8, void @empty_8, i32 0, i32 0, i32 0, i32 0, void @empty_8, void @empty_8, i32 4294967295, i32 0"   --->   Operation 39 'specinterface' 'specinterface_ln0' <Predicate = true> <Delay = 0.00>
ST_10 : Operation 40 [1/1] (0.00ns)   --->   "%specbitsmap_ln0 = specbitsmap void @_ssdm_op_SpecBitsMap, i64 %input_r"   --->   Operation 40 'specbitsmap' 'specbitsmap_ln0' <Predicate = true> <Delay = 0.00>
ST_10 : Operation 41 [1/1] (0.00ns)   --->   "%specinterface_ln0 = specinterface void @_ssdm_op_SpecInterface, i384 %output_r, void @empty_10, i32 1, i32 1, void @empty_9, i32 0, i32 0, void @empty_8, void @empty_8, void @empty_8, i32 0, i32 0, i32 0, i32 0, void @empty_8, void @empty_8, i32 4294967295, i32 0"   --->   Operation 41 'specinterface' 'specinterface_ln0' <Predicate = true> <Delay = 0.00>
ST_10 : Operation 42 [1/1] (0.00ns)   --->   "%specbitsmap_ln0 = specbitsmap void @_ssdm_op_SpecBitsMap, i384 %output_r"   --->   Operation 42 'specbitsmap' 'specbitsmap_ln0' <Predicate = true> <Delay = 0.00>
ST_10 : Operation 43 [1/1] (0.00ns)   --->   "%specinterface_ln0 = specinterface void @_ssdm_op_SpecInterface, i32 0, void @empty_7, i32 0, i32 0, void @empty_8, i32 0, i32 0, void @empty_6, void @empty_8, void @empty_8, i32 0, i32 0, i32 0, i32 0, void @empty_8, void @empty_8, i32 4294967295, i32 0"   --->   Operation 43 'specinterface' 'specinterface_ln0' <Predicate = true> <Delay = 0.00>
ST_10 : Operation 44 [1/1] (0.00ns)   --->   "%empty = specchannel i32 @_ssdm_op_SpecChannel, void @x1_str, i32 1, void @p_str, void @p_str, i32 10, i32 10, i12 %x1, i12 %x1"   --->   Operation 44 'specchannel' 'empty' <Predicate = true> <Delay = 0.00>
ST_10 : Operation 45 [1/1] (0.00ns)   --->   "%specinterface_ln0 = specinterface void @_ssdm_op_SpecInterface, i12 %x1, void @empty_5, i32 0, i32 0, void @empty_8, i32 0, i32 0, void @empty_8, void @empty_8, void @empty_8, i32 0, i32 0, i32 0, i32 0, void @empty_8, void @empty_8, i32 4294967295, i32 0"   --->   Operation 45 'specinterface' 'specinterface_ln0' <Predicate = true> <Delay = 0.00>
ST_10 : Operation 46 [1/1] (0.00ns)   --->   "%empty_30 = specchannel i32 @_ssdm_op_SpecChannel, void @x2_str, i32 1, void @p_str, void @p_str, i32 10, i32 10, i12 %x2, i12 %x2"   --->   Operation 46 'specchannel' 'empty_30' <Predicate = true> <Delay = 0.00>
ST_10 : Operation 47 [1/1] (0.00ns)   --->   "%specinterface_ln0 = specinterface void @_ssdm_op_SpecInterface, i12 %x2, void @empty_5, i32 0, i32 0, void @empty_8, i32 0, i32 0, void @empty_8, void @empty_8, void @empty_8, i32 0, i32 0, i32 0, i32 0, void @empty_8, void @empty_8, i32 4294967295, i32 0"   --->   Operation 47 'specinterface' 'specinterface_ln0' <Predicate = true> <Delay = 0.00>
ST_10 : Operation 48 [1/1] (0.00ns)   --->   "%empty_31 = specchannel i32 @_ssdm_op_SpecChannel, void @y1_str, i32 1, void @p_str, void @p_str, i32 10, i32 10, i12 %y1, i12 %y1"   --->   Operation 48 'specchannel' 'empty_31' <Predicate = true> <Delay = 0.00>
ST_10 : Operation 49 [1/1] (0.00ns)   --->   "%specinterface_ln0 = specinterface void @_ssdm_op_SpecInterface, i12 %y1, void @empty_5, i32 0, i32 0, void @empty_8, i32 0, i32 0, void @empty_8, void @empty_8, void @empty_8, i32 0, i32 0, i32 0, i32 0, void @empty_8, void @empty_8, i32 4294967295, i32 0"   --->   Operation 49 'specinterface' 'specinterface_ln0' <Predicate = true> <Delay = 0.00>
ST_10 : Operation 50 [1/1] (0.00ns)   --->   "%empty_32 = specchannel i32 @_ssdm_op_SpecChannel, void @y2_str, i32 1, void @p_str, void @p_str, i32 10, i32 10, i12 %y2, i12 %y2"   --->   Operation 50 'specchannel' 'empty_32' <Predicate = true> <Delay = 0.00>
ST_10 : Operation 51 [1/1] (0.00ns)   --->   "%specinterface_ln0 = specinterface void @_ssdm_op_SpecInterface, i12 %y2, void @empty_5, i32 0, i32 0, void @empty_8, i32 0, i32 0, void @empty_8, void @empty_8, void @empty_8, i32 0, i32 0, i32 0, i32 0, void @empty_8, void @empty_8, i32 4294967295, i32 0"   --->   Operation 51 'specinterface' 'specinterface_ln0' <Predicate = true> <Delay = 0.00>
ST_10 : Operation 52 [1/1] (0.00ns)   --->   "%empty_33 = specchannel i32 @_ssdm_op_SpecChannel, void @sigmaDiv1_str, i32 1, void @p_str, void @p_str, i32 10, i32 10, i64 %sigmaDiv1, i64 %sigmaDiv1"   --->   Operation 52 'specchannel' 'empty_33' <Predicate = true> <Delay = 0.00>
ST_10 : Operation 53 [1/1] (0.00ns)   --->   "%specinterface_ln0 = specinterface void @_ssdm_op_SpecInterface, i64 %sigmaDiv1, void @empty_5, i32 0, i32 0, void @empty_8, i32 0, i32 0, void @empty_8, void @empty_8, void @empty_8, i32 0, i32 0, i32 0, i32 0, void @empty_8, void @empty_8, i32 4294967295, i32 0"   --->   Operation 53 'specinterface' 'specinterface_ln0' <Predicate = true> <Delay = 0.00>
ST_10 : Operation 54 [1/1] (0.00ns)   --->   "%empty_34 = specchannel i32 @_ssdm_op_SpecChannel, void @sigmaSquaredDiv1_str, i32 1, void @p_str, void @p_str, i32 10, i32 10, i64 %sigmaSquaredDiv1, i64 %sigmaSquaredDiv1"   --->   Operation 54 'specchannel' 'empty_34' <Predicate = true> <Delay = 0.00>
ST_10 : Operation 55 [1/1] (0.00ns)   --->   "%specinterface_ln0 = specinterface void @_ssdm_op_SpecInterface, i64 %sigmaSquaredDiv1, void @empty_5, i32 0, i32 0, void @empty_8, i32 0, i32 0, void @empty_8, void @empty_8, void @empty_8, i32 0, i32 0, i32 0, i32 0, void @empty_8, void @empty_8, i32 4294967295, i32 0"   --->   Operation 55 'specinterface' 'specinterface_ln0' <Predicate = true> <Delay = 0.00>
ST_10 : Operation 56 [1/1] (0.00ns)   --->   "%empty_35 = specchannel i32 @_ssdm_op_SpecChannel, void @last1_str, i32 1, void @p_str, void @p_str, i32 10, i32 10, i2 %last1, i2 %last1"   --->   Operation 56 'specchannel' 'empty_35' <Predicate = true> <Delay = 0.00>
ST_10 : Operation 57 [1/1] (0.00ns)   --->   "%specinterface_ln0 = specinterface void @_ssdm_op_SpecInterface, i2 %last1, void @empty_5, i32 0, i32 0, void @empty_8, i32 0, i32 0, void @empty_8, void @empty_8, void @empty_8, i32 0, i32 0, i32 0, i32 0, void @empty_8, void @empty_8, i32 4294967295, i32 0"   --->   Operation 57 'specinterface' 'specinterface_ln0' <Predicate = true> <Delay = 0.00>
ST_10 : Operation 58 [1/1] (0.00ns)   --->   "%empty_36 = specchannel i32 @_ssdm_op_SpecChannel, void @last2_str, i32 1, void @p_str, void @p_str, i32 10, i32 10, i2 %last2, i2 %last2"   --->   Operation 58 'specchannel' 'empty_36' <Predicate = true> <Delay = 0.00>
ST_10 : Operation 59 [1/1] (0.00ns)   --->   "%specinterface_ln0 = specinterface void @_ssdm_op_SpecInterface, i2 %last2, void @empty_5, i32 0, i32 0, void @empty_8, i32 0, i32 0, void @empty_8, void @empty_8, void @empty_8, i32 0, i32 0, i32 0, i32 0, void @empty_8, void @empty_8, i32 4294967295, i32 0"   --->   Operation 59 'specinterface' 'specinterface_ln0' <Predicate = true> <Delay = 0.00>
ST_10 : Operation 60 [1/1] (0.00ns)   --->   "%empty_37 = specchannel i32 @_ssdm_op_SpecChannel, void @last3_str, i32 1, void @p_str, void @p_str, i32 10, i32 10, i2 %last3, i2 %last3"   --->   Operation 60 'specchannel' 'empty_37' <Predicate = true> <Delay = 0.00>
ST_10 : Operation 61 [1/1] (0.00ns)   --->   "%specinterface_ln0 = specinterface void @_ssdm_op_SpecInterface, i2 %last3, void @empty_5, i32 0, i32 0, void @empty_8, i32 0, i32 0, void @empty_8, void @empty_8, void @empty_8, i32 0, i32 0, i32 0, i32 0, void @empty_8, void @empty_8, i32 4294967295, i32 0"   --->   Operation 61 'specinterface' 'specinterface_ln0' <Predicate = true> <Delay = 0.00>
ST_10 : Operation 62 [1/1] (0.00ns)   --->   "%empty_38 = specchannel i32 @_ssdm_op_SpecChannel, void @partialS_str, i32 1, void @p_str, void @p_str, i32 10, i32 10, i64 %partialS, i64 %partialS"   --->   Operation 62 'specchannel' 'empty_38' <Predicate = true> <Delay = 0.00>
ST_10 : Operation 63 [1/1] (0.00ns)   --->   "%specinterface_ln0 = specinterface void @_ssdm_op_SpecInterface, i64 %partialS, void @empty_5, i32 0, i32 0, void @empty_8, i32 0, i32 0, void @empty_8, void @empty_8, void @empty_8, i32 0, i32 0, i32 0, i32 0, void @empty_8, void @empty_8, i32 4294967295, i32 0"   --->   Operation 63 'specinterface' 'specinterface_ln0' <Predicate = true> <Delay = 0.00>
ST_10 : Operation 64 [1/1] (0.00ns)   --->   "%empty_39 = specchannel i32 @_ssdm_op_SpecChannel, void @partialSx_str, i32 1, void @p_str, void @p_str, i32 10, i32 10, i64 %partialSx, i64 %partialSx"   --->   Operation 64 'specchannel' 'empty_39' <Predicate = true> <Delay = 0.00>
ST_10 : Operation 65 [1/1] (0.00ns)   --->   "%specinterface_ln0 = specinterface void @_ssdm_op_SpecInterface, i64 %partialSx, void @empty_5, i32 0, i32 0, void @empty_8, i32 0, i32 0, void @empty_8, void @empty_8, void @empty_8, i32 0, i32 0, i32 0, i32 0, void @empty_8, void @empty_8, i32 4294967295, i32 0"   --->   Operation 65 'specinterface' 'specinterface_ln0' <Predicate = true> <Delay = 0.00>
ST_10 : Operation 66 [1/1] (0.00ns)   --->   "%empty_40 = specchannel i32 @_ssdm_op_SpecChannel, void @partialSy_str, i32 1, void @p_str, void @p_str, i32 10, i32 10, i64 %partialSy, i64 %partialSy"   --->   Operation 66 'specchannel' 'empty_40' <Predicate = true> <Delay = 0.00>
ST_10 : Operation 67 [1/1] (0.00ns)   --->   "%specinterface_ln0 = specinterface void @_ssdm_op_SpecInterface, i64 %partialSy, void @empty_5, i32 0, i32 0, void @empty_8, i32 0, i32 0, void @empty_8, void @empty_8, void @empty_8, i32 0, i32 0, i32 0, i32 0, void @empty_8, void @empty_8, i32 4294967295, i32 0"   --->   Operation 67 'specinterface' 'specinterface_ln0' <Predicate = true> <Delay = 0.00>
ST_10 : Operation 68 [1/1] (0.00ns)   --->   "%empty_41 = specchannel i32 @_ssdm_op_SpecChannel, void @SDiv1_str, i32 1, void @p_str, void @p_str, i32 10, i32 10, i64 %SDiv1, i64 %SDiv1"   --->   Operation 68 'specchannel' 'empty_41' <Predicate = true> <Delay = 0.00>
ST_10 : Operation 69 [1/1] (0.00ns)   --->   "%specinterface_ln0 = specinterface void @_ssdm_op_SpecInterface, i64 %SDiv1, void @empty_5, i32 0, i32 0, void @empty_8, i32 0, i32 0, void @empty_8, void @empty_8, void @empty_8, i32 0, i32 0, i32 0, i32 0, void @empty_8, void @empty_8, i32 4294967295, i32 0"   --->   Operation 69 'specinterface' 'specinterface_ln0' <Predicate = true> <Delay = 0.00>
ST_10 : Operation 70 [1/1] (0.00ns)   --->   "%empty_42 = specchannel i32 @_ssdm_op_SpecChannel, void @SxDivS_str, i32 1, void @p_str, void @p_str, i32 10, i32 10, i64 %SxDivS, i64 %SxDivS"   --->   Operation 70 'specchannel' 'empty_42' <Predicate = true> <Delay = 0.00>
ST_10 : Operation 71 [1/1] (0.00ns)   --->   "%specinterface_ln0 = specinterface void @_ssdm_op_SpecInterface, i64 %SxDivS, void @empty_5, i32 0, i32 0, void @empty_8, i32 0, i32 0, void @empty_8, void @empty_8, void @empty_8, i32 0, i32 0, i32 0, i32 0, void @empty_8, void @empty_8, i32 4294967295, i32 0"   --->   Operation 71 'specinterface' 'specinterface_ln0' <Predicate = true> <Delay = 0.00>
ST_10 : Operation 72 [1/1] (0.00ns)   --->   "%empty_43 = specchannel i32 @_ssdm_op_SpecChannel, void @SxSquaredDivS_str, i32 1, void @p_str, void @p_str, i32 10, i32 10, i64 %SxSquaredDivS, i64 %SxSquaredDivS"   --->   Operation 72 'specchannel' 'empty_43' <Predicate = true> <Delay = 0.00>
ST_10 : Operation 73 [1/1] (0.00ns)   --->   "%specinterface_ln0 = specinterface void @_ssdm_op_SpecInterface, i64 %SxSquaredDivS, void @empty_5, i32 0, i32 0, void @empty_8, i32 0, i32 0, void @empty_8, void @empty_8, void @empty_8, i32 0, i32 0, i32 0, i32 0, void @empty_8, void @empty_8, i32 4294967295, i32 0"   --->   Operation 73 'specinterface' 'specinterface_ln0' <Predicate = true> <Delay = 0.00>
ST_10 : Operation 74 [1/1] (0.00ns)   --->   "%empty_44 = specchannel i32 @_ssdm_op_SpecChannel, void @SyDivS_str, i32 1, void @p_str, void @p_str, i32 10, i32 10, i64 %SyDivS, i64 %SyDivS"   --->   Operation 74 'specchannel' 'empty_44' <Predicate = true> <Delay = 0.00>
ST_10 : Operation 75 [1/1] (0.00ns)   --->   "%specinterface_ln0 = specinterface void @_ssdm_op_SpecInterface, i64 %SyDivS, void @empty_5, i32 0, i32 0, void @empty_8, i32 0, i32 0, void @empty_8, void @empty_8, void @empty_8, i32 0, i32 0, i32 0, i32 0, void @empty_8, void @empty_8, i32 4294967295, i32 0"   --->   Operation 75 'specinterface' 'specinterface_ln0' <Predicate = true> <Delay = 0.00>
ST_10 : Operation 76 [1/1] (0.00ns)   --->   "%empty_45 = specchannel i32 @_ssdm_op_SpecChannel, void @resultStream_str, i32 1, void @p_str, void @p_str, i32 10, i32 10, i332 %resultStream, i332 %resultStream"   --->   Operation 76 'specchannel' 'empty_45' <Predicate = true> <Delay = 0.00>
ST_10 : Operation 77 [1/1] (0.00ns)   --->   "%specinterface_ln0 = specinterface void @_ssdm_op_SpecInterface, i332 %resultStream, void @empty_5, i32 0, i32 0, void @empty_8, i32 0, i32 0, void @empty_8, void @empty_8, void @empty_8, i32 0, i32 0, i32 0, i32 0, void @empty_8, void @empty_8, i32 4294967295, i32 0"   --->   Operation 77 'specinterface' 'specinterface_ln0' <Predicate = true> <Delay = 0.00>
ST_10 : Operation 78 [1/1] (0.00ns)   --->   "%ret_ln217 = ret" [baseline/fit.cpp:217]   --->   Operation 78 'ret' 'ret_ln217' <Predicate = true> <Delay = 0.00>


============================================================
+ Verbose Summary: Timing violations
============================================================
Target clock period: 10.000ns, clock uncertainty: 2.700ns.

 <State 1>: 0.000ns
The critical path consists of the following:

 <State 2>: 0.000ns
The critical path consists of the following:

 <State 3>: 0.000ns
The critical path consists of the following:

 <State 4>: 0.000ns
The critical path consists of the following:

 <State 5>: 0.000ns
The critical path consists of the following:

 <State 6>: 0.000ns
The critical path consists of the following:

 <State 7>: 0.000ns
The critical path consists of the following:

 <State 8>: 0.000ns
The critical path consists of the following:

 <State 9>: 0.000ns
The critical path consists of the following:

 <State 10>: 0.000ns
The critical path consists of the following:


============================================================
+ Verbose Summary: Binding
============================================================
N/A
* FSMD analyzer results:
  - Output states:
 - Input state : 
  - Chain level:
	State 1
	State 2
	State 3
	State 4
	State 5
	State 6
	State 7
	State 8
	State 9
	State 10


============================================================
+ Verbose Summary: Datapath Resource usage 
============================================================
N/A
